[2025-10-29 19:16:34,579] INFO (httpx): HTTP Request: GET https://dagshub.com/api/v1/user "HTTP/1.1 200 OK"
[2025-10-29 19:16:34,587] INFO (dagshub): Accessing as Ravikarri09
[2025-10-29 19:16:36,171] INFO (httpx): HTTP Request: GET https://dagshub.com/api/v1/repos/Ravikarri09/networksecurity "HTTP/1.1 200 OK"
[2025-10-29 19:16:37,575] INFO (httpx): HTTP Request: GET https://dagshub.com/api/v1/user "HTTP/1.1 200 OK"
[2025-10-29 19:16:37,577] INFO (dagshub): Initialized MLflow to track repo "Ravikarri09/networksecurity"
[2025-10-29 19:16:37,577] INFO (dagshub): Repository Ravikarri09/networksecurity initialized!
[2025-10-29 19:18:08,842] INFO (root): Start data Ingestion
[2025-10-29 19:18:10,727] INFO (pymongo.serverSelection): {"message": "Waiting for suitable server to become available", "selector": "Primary()", "operation": "find", "topologyDescription": "<TopologyDescription id: 69021b1aefcd3bec1660ca9b, topology_type: ReplicaSetNoPrimary, servers: [<ServerDescription ('ac-ctnvz9c-shard-00-00.mr5hb7d.mongodb.net', 27017) server_type: Unknown, rtt: None>, <ServerDescription ('ac-ctnvz9c-shard-00-01.mr5hb7d.mongodb.net', 27017) server_type: Unknown, rtt: None>, <ServerDescription ('ac-ctnvz9c-shard-00-02.mr5hb7d.mongodb.net', 27017) server_type: Unknown, rtt: None>]>", "clientId": {"$oid": "69021b1aefcd3bec1660ca9b"}, "remainingTimeMS": 30}
[2025-10-29 19:18:15,500] INFO (root): Performed train test split on dataframe
[2025-10-29 19:18:15,500] INFO (root): exited split_data_as_train_test method of Data_Ingestion class
[2025-10-29 19:18:15,501] INFO (root): exporting train and test file path
[2025-10-29 19:18:15,638] INFO (root): Exported train and test file path
[2025-10-29 19:18:15,638] INFO (root): Data Ingestion completed and artifact: DataIngestionArtifact(trained_file_path='Artifacts\\10292025__191621\\data_ingestion\\ingested\\train.csv', test_file_path='Artifacts\\10292025__191621\\data_ingestion\\ingested\\test.csv')
[2025-10-29 19:18:15,666] INFO (root): Initiate the data Validation
[2025-10-29 19:18:15,777] INFO (root): Required number of columns: 31
[2025-10-29 19:18:15,777] INFO (root): Dataframe has columns: Index(['having_IP_Address', 'URL_Length', 'Shortining_Service',
       'having_At_Symbol', 'double_slash_redirecting', 'Prefix_Suffix',
       'having_Sub_Domain', 'SSLfinal_State', 'Domain_registeration_length',
       'Favicon', 'port', 'HTTPS_token', 'Request_URL', 'URL_of_Anchor',
       'Links_in_tags', 'SFH', 'Submitting_to_email', 'Abnormal_URL',
       'Redirect', 'on_mouseover', 'RightClick', 'popUpWidnow', 'Iframe',
       'age_of_domain', 'DNSRecord', 'web_traffic', 'Page_Rank',
       'Google_Index', 'Links_pointing_to_page', 'Statistical_report',
       'Result'],
      dtype='object')
[2025-10-29 19:18:15,777] INFO (root): Required number of columns: 31
[2025-10-29 19:18:15,778] INFO (root): Dataframe has columns: Index(['having_IP_Address', 'URL_Length', 'Shortining_Service',
       'having_At_Symbol', 'double_slash_redirecting', 'Prefix_Suffix',
       'having_Sub_Domain', 'SSLfinal_State', 'Domain_registeration_length',
       'Favicon', 'port', 'HTTPS_token', 'Request_URL', 'URL_of_Anchor',
       'Links_in_tags', 'SFH', 'Submitting_to_email', 'Abnormal_URL',
       'Redirect', 'on_mouseover', 'RightClick', 'popUpWidnow', 'Iframe',
       'age_of_domain', 'DNSRecord', 'web_traffic', 'Page_Rank',
       'Google_Index', 'Links_pointing_to_page', 'Statistical_report',
       'Result'],
      dtype='object')
[2025-10-29 19:18:16,064] INFO (root): Entered initiate_data_transformation method of DataTransformation class
[2025-10-29 19:18:16,110] INFO (root): Entered get_data_transformer_object method of DataTransformation class
[2025-10-29 19:18:16,110] INFO (root): Initialized KNNImputer with parameters: {'missing_values': nan, 'n_neighbors': 3, 'weights': 'uniform'}
[2025-10-29 19:18:16,124] INFO (root): entered the save_object method of mainutills class
[2025-10-29 19:18:16,127] INFO (root): Exited the save_object method of mainutills class
[2025-10-29 19:18:16,128] INFO (root): entered the save_object method of mainutills class
[2025-10-29 19:18:16,130] INFO (root): Exited the save_object method of mainutills class
[2025-10-29 19:18:16,131] INFO (root): Data Transformation completed successfully.
[2025-10-29 19:21:31,647] INFO (root): entered the save_object method of mainutills class
[2025-10-29 19:21:31,648] INFO (root): Exited the save_object method of mainutills class
[2025-10-29 19:21:31,648] INFO (root): entered the save_object method of mainutills class
[2025-10-29 19:21:31,653] INFO (root): Exited the save_object method of mainutills class
[2025-10-29 19:21:31,654] INFO (root): Model trainer artifact:ModelTrainerArtifact(trained_model_file_path='Artifacts\\10292025__191621\\model_trainer\\trained_model\\model.pkl', train_metric_artifact=ClassificationMetricArtifact(f1_score=0.9913556391742093, accuracy_score=0.9903889642695612, precision_score=0.9884404786047455, recall_score=0.9942880456956344), test_metric_artifact=ClassificationMetricArtifact(f1_score=0.9696012633241216, accuracy_score=0.9651741293532339, precision_score=0.9608763693270735, recall_score=0.9784860557768924), overfitting_threshold=0.05)
